Priya@LAPTOP-A2CKL8EE-MINGW64 ~ (master)
$ mkdir project_dir

Priya@LAPTOP-A2CKL8EE-MINGW64 ~ (master)
$ cd project_dir

Priya@LAPTOP-A2CKL8EE-MINGW64 ~/project_dir (master)
$$ git init
Initialized empty Git repository in C:/Users/Priya/project_dir/.git/

Priya@LAPTOP-A2CKL8EE-MINGW641 ~/project_dir (master)
$ touch index.html

Priya@LAPTOP-A2CKL8EE-MINGW64 ~/project_dir (master)
$ git status
On branch master

No commits yet

Untracked files:
  (use "git add <file>..." to include in what will be committed)
        index.html
nothing added to commit but untracked files present (use "git add" to track)

Priya@LAPTOP-A2CKL8EE-MINGW64 ~/project_dir (master)
$ git add index.html

Priya@LAPTOP-A2CKL8EE-MINGW64 ~/project_dir (master)
$ git commit -m "index.html commited"
[master (root-commit) be18u33] index.html commited
 1 file changed, 0 insertions(+), 0 deletions(-)
 create mode 100644 index.html

Priya@LAPTOP-A2CKL8EE-MINGW64 ~/project_dir (master)
$ touch info.txt

Priya@LAPTOP-A2CKL8EE-MINGW64 ~/project_dir (master)
$ git status
On branch master
Changes not staged for commit:
  (use "git add <file>..." to update what will be committed)
  (use "git checkout.. <file>..." to discard changes in working directory)
        modified:   index.html

Untracked files:
  (use "git add <file>..." to include in what will be committed)
        info.txt

no changes added to commit (use "git add" and/or "git commit -a")

Priya@LAPTOP-A2CKL8EE-MINGW64 ~/project_dir (master)
$ touch .gitignore

Priya@LAPTOP-A2CKL8EE-MINGW64 ~/project_dir (master)
$ git status
On branch master
Changes not staged for commit:
  (use "git add <file>..." to update what will be committed)
  (use "git restore <file>..." to discard changes in working directory)
        modified:   index.html

Untracked files:
  (use "git add <file>..." to include in what will be committed)
        .gitignore
no changes added to commit (use "git add" and/or "git commit -a")

Priya@LAPTOP-A2CKL8EE-MINGW64 ~/project_dir (master)
$ git add .

Priya@LAPTOP-A2CKL8EE-MINGW64 ~/project_dir (master)
$ git status
On branch master
Changes to be committed:
  (use "git restore --staged <file>..." to unstage)
        new file:   .gitignore
        modified:   index.html


Priya@LAPTOP-A2CKL8EE-MINGW64 ~/project_dir (master)
$ git commit -m "staged and commited index.html"
[master be18u33] staged and commited index.html
 2 files changed, 7 insertions(+)
 create mode 100644 .gitignore

Priya@LAPTOP-A2CKL8EE-MINGW64 ~/project_dir (master)
$ git checkout -- index.html

Priya@LAPTOP-A2CKL8EE-MINGW64 ~/project_dir (master)
$ git add index.html


Priya@LAPTOP-A2CKL8EE-MINGW64 ~/project_dir (master)
$ git checkout --staged index.html
error: pathspec 'staged' did not match any file(s) known to git


Priya@LAPTOP-A2CKL8EE-MINGW64 ~/project_dir (master)
$ git restore --staged index.html

Priya@LAPTOP-A2CKL8EE-MINGW64 ~1/project_dir (master)
$ git config --global alias.my-add add

Priya@LAPTOP-A2CKL8EE-MINGW64 ~/project_dir (master)$ git my-add index.html

Priya@LAPTOP-A2CKL8EE-MINGW64 ~/project_dir (master)
$ git commit -m "commited index.html with my-add comand"
[master 4a3fa4e] commited index.html with my-add comand
 1 file changed, 3 insertions(+)

Priya@LAPTOP-A2CKL8EE-MINGW64 ~/project_dir (master)
$ git reset --soft HEAD~1

Priya@LAPTOP-A2CKL8EE-MINGW64 ~/project_dir (master)
$ git status
On branch master
Changes to be committed:
  (use "git restore --staged <file>..." to unstage)
        modified:   index.html


Priya@LAPTOP-A2CKL8EE-MINGW64 ~/project_dir (master)
$ git config --global alias.add my-add

Priya@LAPTOP-A2CKL8EE-MINGW64 ~/project_dir (master)
$ git add index.html

Priya@LAPTOP-A2CKL8EE-MINGW64 ~/project_dir (master)
$ git commit -m "commited index.html with my-add comand"
[master be18u33] commited index.html with my-add comand
 1 file changed, 3 insertions(+)

Priya@LAPTOP-A2CKL8EE-MINGW64 ~/project_dir (master)
$ git status
On branch master
nothing to commit, working tree clean

