Priya@LAPTOP-A2CKL8EE-MINGW64 ~/project_dir/Assignments ~ (master)
$ git checkout -b js.assignments
switched to a new branch 'js.assignments'

Priya@LAPTOP-A2CKL8EE-MINGW64 ~/project_dir/Assignments ~ (master)
$ git checkout js.assignments
Already on 'js.assignments'

Priya@LAPTOP-A2CKL8EE-MINGW64 ~/project_dir/Assignments ~ (master)
$ git branch
* js.assignments
  master


Priya@LAPTOP-A2CKL8EE-MINGW64 ~/project_dir/Assignments ~ (master)
$ git status 
on branch js.assignments
untracked files:
  (use "git add <file>..." to include in what will be commited)
       
         ../.gitignore
         file_1.js
         file_2.js
         file_3.js

nothing changes added to commit but untracked files present (use "git add" to track)

Priya@LAPTOP-A2CKL8EE-MINGW64 ~/project_dir/Assignments ~ (master)
$ git add file_1.js,file_2.js,file_3,js

Priya@LAPTOP-A2CKL8EE-MINGW64 ~/project_dir/Assignments ~ (master)
$ git commit -m "add js files"
[js.assignments f321480] add js files
3 files changed , 3 insertions(+)
create mode 100644 Assignments/file_1.js
create mode 100644 Assignments/file_2.js
create mode 100644 Assignments/file_3.js

 
Priya@LAPTOP-A2CKL8EE-MINGW64 ~/project_dir/Assignments ~ (master)
$ nano README.txt
 
Priya@LAPTOP-A2CKL8EE-MINGW64 ~/project_dir/Assignments ~ (master)
$ git status 
on branch js.assignments
changes not staged for commit:
  (use "git add <file>..." to update what will be commited)
  (use "git checkout ..<file>..." to discard changes in working directory)

       modified :  README.txt

untracked files:
 (use "git add <file>..." to include in what will be committed)
       
              ../.gitignore
              
no changes added to commit (use "git add" and/or "git commit -a")

Priya@LAPTOP-A2CKL8EE-MINGW64 ~/project_dir/Assignments ~ (master)
$ git add README.txt


Priya@LAPTOP-A2CKL8EE-MINGW64 ~/project_dir/Assignments ~ (master)
$ git commit -m "update  README.txt"
[js.assignments bgc3ff6] update for README.txt
1 file changed,  4 deletions(-)
 
Priya@LAPTOP-A2CKL8EE-MINGW64 ~/project_dir/Assignments ~ (master)
$ git checkout master
switched to branch 'master'

Priya@LAPTOP-A2CKL8EE-MINGW64 ~/project_dir/Assignments ~ (master)
$ git branch
   js.assignments
*  master

Priya@LAPTOP-A2CKL8EE-MINGW64 ~/project_dir/Assignments ~ (master)
$ nano  README.txt
 
Priya@LAPTOP-A2CKL8EE-MINGW64 ~/project_dir/Assignments ~ (master)
$ git status 
on branch master
changes not staged for commit:
  (use "git add <file>..." to update what will be commited)
  (use "git checkout ..<file>..." to discard changes in working directory)

       modified :  README.txt

untracked files:
 (use "git add <file>..." to include in what will be committed)
       
              ../.gitignore
              
no changes added to commit (use "git add" and/or "git commit -a")

Priya@LAPTOP-A2CKL8EE-MINGW64 ~/project_dir/Assignments ~ (master)
$ git add README.txt

Priya@LAPTOP-A2CKL8EE-MINGW64 ~/project_dir/Assignments ~ (master)
$ git checkout js.assignments
switched to branch 'js.assignments'

Priya@LAPTOP-A2CKL8EE-MINGW64 ~/project_dir/Assignments ~ (master)
$ git branch
* js.assignments
  master

Priya@LAPTOP-A2CKL8EE-MINGW64 ~/project_dir/Assignments ~ (master)
$ nano file_1.js
 
Priya@LAPTOP-A2CKL8EE-MINGW64 ~/project_dir/Assignments ~ (master)
$ git status 
on branch js.assignments
changes not staged for commit:
  (use "git add <file>..." to update what will be commited)
  (use "git checkout ..<file>..." to discard changes in working directory)

       modified : file_1.js

untracked files:
 (use "git add <file>..." to include in what will be committed)
       
              ../.gitignore
              
no changes added to commit (use "git add" and/or "git commit -a")

Priya@LAPTOP-A2CKL8EE-MINGW64 ~/project_dir/Assignments ~ (master)
$ git add file_1.js

Priya@LAPTOP-A2CKL8EE-MINGW64 ~/project_dir/Assignments ~ (master)
$ git commit -m "minor changes for js"
[js.assignments df9c0b2] minor changes for js
 1 file changed, 1 insertions(+), 1 deletion(-)

Priya@LAPTOP-A2CKL8EE-MINGW64 ~/project_dir/Assignments ~ (master)
$ git checkout master
switched to branch 'master'

Priya@LAPTOP-A2CKL8EE-MINGW64 ~/project_dir/Assignments ~ (master)
$ git branch 
  js.assignments
* master

Priya@LAPTOP-A2CKL8EE-MINGW64 ~/project_dir/Assignments ~ (master)
$ git merge js.assignments

Priya@LAPTOP-A2CKL8EE-MINGW64 ~/project_dir/Assignments~ (master)
$ git branch -d js.assignments
Deleted branch js.assignments 

Priya@LAPTOP-A2CKL8EE-MINGW64 ~/project_dir/Assignments ~ (master)
$ git branch
* master



